// Jest Snapshot v1, https://goo.gl/fbAQLP

exports[`Post matches snapshot 1`] = `
ShallowWrapper {
  "length": 1,
  Symbol(enzyme.__root__): [Circular],
  Symbol(enzyme.__unrendered__): <Post
    addPost={[Function]}
    addUser={[Function]}
    user={
        Object {
            "username": "Laura",
          }
    }
/>,
  Symbol(enzyme.__renderer__): Object {
    "batchedUpdates": [Function],
    "getNode": [Function],
    "render": [Function],
    "simulateEvent": [Function],
    "unmount": [Function],
  },
  Symbol(enzyme.__node__): Object {
    "instance": null,
    "key": undefined,
    "nodeType": "host",
    "props": Object {
      "children": <div
        className="post-area"
>
        <form
                className="post-cont"
        >
                <label
                        className="label"
                        htmlFor="post"
                >
                        Post here!
                </label>
                <textarea
                        className="post-box"
                        name="post"
                        onChange={[Function]}
                        value=""
                />
                <button
                        className="submit-post"
                        disabled={true}
                        onClick={[Function]}
                        type="submit"
                >
                         Submit 
                </button>
        </form>
</div>,
      "className": "form-container",
    },
    "ref": null,
    "rendered": Object {
      "instance": null,
      "key": undefined,
      "nodeType": "host",
      "props": Object {
        "children": <form
          className="post-cont"
>
          <label
                    className="label"
                    htmlFor="post"
          >
                    Post here!
          </label>
          <textarea
                    className="post-box"
                    name="post"
                    onChange={[Function]}
                    value=""
          />
          <button
                    className="submit-post"
                    disabled={true}
                    onClick={[Function]}
                    type="submit"
          >
                     Submit 
          </button>
</form>,
        "className": "post-area",
      },
      "ref": null,
      "rendered": Object {
        "instance": null,
        "key": undefined,
        "nodeType": "host",
        "props": Object {
          "children": Array [
            <label
              className="label"
              htmlFor="post"
>
              Post here!
</label>,
            <textarea
              className="post-box"
              name="post"
              onChange={[Function]}
              value=""
/>,
            <button
              className="submit-post"
              disabled={true}
              onClick={[Function]}
              type="submit"
>
               Submit 
</button>,
          ],
          "className": "post-cont",
        },
        "ref": null,
        "rendered": Array [
          Object {
            "instance": null,
            "key": undefined,
            "nodeType": "host",
            "props": Object {
              "children": "Post here!",
              "className": "label",
              "htmlFor": "post",
            },
            "ref": null,
            "rendered": "Post here!",
            "type": "label",
          },
          Object {
            "instance": null,
            "key": undefined,
            "nodeType": "host",
            "props": Object {
              "className": "post-box",
              "name": "post",
              "onChange": [Function],
              "value": "",
            },
            "ref": null,
            "rendered": null,
            "type": "textarea",
          },
          Object {
            "instance": null,
            "key": undefined,
            "nodeType": "host",
            "props": Object {
              "children": " Submit ",
              "className": "submit-post",
              "disabled": true,
              "onClick": [Function],
              "type": "submit",
            },
            "ref": null,
            "rendered": " Submit ",
            "type": "button",
          },
        ],
        "type": "form",
      },
      "type": "div",
    },
    "type": "div",
  },
  Symbol(enzyme.__nodes__): Array [
    Object {
      "instance": null,
      "key": undefined,
      "nodeType": "host",
      "props": Object {
        "children": <div
          className="post-area"
>
          <form
                    className="post-cont"
          >
                    <label
                              className="label"
                              htmlFor="post"
                    >
                              Post here!
                    </label>
                    <textarea
                              className="post-box"
                              name="post"
                              onChange={[Function]}
                              value=""
                    />
                    <button
                              className="submit-post"
                              disabled={true}
                              onClick={[Function]}
                              type="submit"
                    >
                               Submit 
                    </button>
          </form>
</div>,
        "className": "form-container",
      },
      "ref": null,
      "rendered": Object {
        "instance": null,
        "key": undefined,
        "nodeType": "host",
        "props": Object {
          "children": <form
            className="post-cont"
>
            <label
                        className="label"
                        htmlFor="post"
            >
                        Post here!
            </label>
            <textarea
                        className="post-box"
                        name="post"
                        onChange={[Function]}
                        value=""
            />
            <button
                        className="submit-post"
                        disabled={true}
                        onClick={[Function]}
                        type="submit"
            >
                         Submit 
            </button>
</form>,
          "className": "post-area",
        },
        "ref": null,
        "rendered": Object {
          "instance": null,
          "key": undefined,
          "nodeType": "host",
          "props": Object {
            "children": Array [
              <label
                className="label"
                htmlFor="post"
>
                Post here!
</label>,
              <textarea
                className="post-box"
                name="post"
                onChange={[Function]}
                value=""
/>,
              <button
                className="submit-post"
                disabled={true}
                onClick={[Function]}
                type="submit"
>
                 Submit 
</button>,
            ],
            "className": "post-cont",
          },
          "ref": null,
          "rendered": Array [
            Object {
              "instance": null,
              "key": undefined,
              "nodeType": "host",
              "props": Object {
                "children": "Post here!",
                "className": "label",
                "htmlFor": "post",
              },
              "ref": null,
              "rendered": "Post here!",
              "type": "label",
            },
            Object {
              "instance": null,
              "key": undefined,
              "nodeType": "host",
              "props": Object {
                "className": "post-box",
                "name": "post",
                "onChange": [Function],
                "value": "",
              },
              "ref": null,
              "rendered": null,
              "type": "textarea",
            },
            Object {
              "instance": null,
              "key": undefined,
              "nodeType": "host",
              "props": Object {
                "children": " Submit ",
                "className": "submit-post",
                "disabled": true,
                "onClick": [Function],
                "type": "submit",
              },
              "ref": null,
              "rendered": " Submit ",
              "type": "button",
            },
          ],
          "type": "form",
        },
        "type": "div",
      },
      "type": "div",
    },
  ],
  Symbol(enzyme.__options__): Object {
    "adapter": ReactSixteenAdapter {
      "options": Object {
        "enableComponentDidUpdateOnSetState": true,
      },
    },
    "disableLifecycleMethods": true,
  },
}
`;
