// Jest Snapshot v1, https://goo.gl/fbAQLP

exports[`Studios matches snapshot 1`] = `undefined`;
