// Jest Snapshot v1, https://goo.gl/fbAQLP

exports[`navBar matches snapshot 1`] = `undefined`;
