// Jest Snapshot v1, https://goo.gl/fbAQLP

exports[`events matches snapshot 1`] = `
ShallowWrapper {
  "length": 1,
  Symbol(enzyme.__root__): [Circular],
  Symbol(enzyme.__unrendered__): <Events
    addEvents={[Function]}
    addSelectedEvent={[Function]}
    selectedEvent={
        Object {
            "name": "workshop",
          }
    }
    selectedLocation="Denver"
    suggestedEvents={
        Array [
            Object {
              "name": "party",
            },
          ]
    }
/>,
  Symbol(enzyme.__renderer__): Object {
    "batchedUpdates": [Function],
    "getNode": [Function],
    "render": [Function],
    "simulateEvent": [Function],
    "unmount": [Function],
  },
  Symbol(enzyme.__node__): Object {
    "instance": null,
    "key": undefined,
    "nodeType": "host",
    "props": Object {
      "children": <div
        className="cards-container-small"
>
        <div
                className="events-small-box"
                onClick={[Function]}
        >
                <img
                        src="https://www.kent.edu/sites/default/files/styles/teaser_image/public/page/B0B_4055crop.JPG?itok=4ie7uvK-"
                />
                <h4>
                        party
                </h4>
        </div>
</div>,
    },
    "ref": null,
    "rendered": Object {
      "instance": null,
      "key": undefined,
      "nodeType": "host",
      "props": Object {
        "children": Array [
          <div
            className="events-small-box"
            onClick={[Function]}
>
            <img
                        src="https://www.kent.edu/sites/default/files/styles/teaser_image/public/page/B0B_4055crop.JPG?itok=4ie7uvK-"
            />
            <h4>
                        party
            </h4>
</div>,
        ],
        "className": "cards-container-small",
      },
      "ref": null,
      "rendered": Array [
        Object {
          "instance": null,
          "key": "[object Object]0",
          "nodeType": "host",
          "props": Object {
            "children": Array [
              <img
                src="https://www.kent.edu/sites/default/files/styles/teaser_image/public/page/B0B_4055crop.JPG?itok=4ie7uvK-"
/>,
              <h4>
                party
</h4>,
            ],
            "className": "events-small-box",
            "onClick": [Function],
          },
          "ref": null,
          "rendered": Array [
            Object {
              "instance": null,
              "key": undefined,
              "nodeType": "host",
              "props": Object {
                "src": "https://www.kent.edu/sites/default/files/styles/teaser_image/public/page/B0B_4055crop.JPG?itok=4ie7uvK-",
              },
              "ref": null,
              "rendered": null,
              "type": "img",
            },
            Object {
              "instance": null,
              "key": undefined,
              "nodeType": "host",
              "props": Object {
                "children": "party",
              },
              "ref": null,
              "rendered": "party",
              "type": "h4",
            },
          ],
          "type": "div",
        },
      ],
      "type": "div",
    },
    "type": "div",
  },
  Symbol(enzyme.__nodes__): Array [
    Object {
      "instance": null,
      "key": undefined,
      "nodeType": "host",
      "props": Object {
        "children": <div
          className="cards-container-small"
>
          <div
                    className="events-small-box"
                    onClick={[Function]}
          >
                    <img
                              src="https://www.kent.edu/sites/default/files/styles/teaser_image/public/page/B0B_4055crop.JPG?itok=4ie7uvK-"
                    />
                    <h4>
                              party
                    </h4>
          </div>
</div>,
      },
      "ref": null,
      "rendered": Object {
        "instance": null,
        "key": undefined,
        "nodeType": "host",
        "props": Object {
          "children": Array [
            <div
              className="events-small-box"
              onClick={[Function]}
>
              <img
                            src="https://www.kent.edu/sites/default/files/styles/teaser_image/public/page/B0B_4055crop.JPG?itok=4ie7uvK-"
              />
              <h4>
                            party
              </h4>
</div>,
          ],
          "className": "cards-container-small",
        },
        "ref": null,
        "rendered": Array [
          Object {
            "instance": null,
            "key": "[object Object]0",
            "nodeType": "host",
            "props": Object {
              "children": Array [
                <img
                  src="https://www.kent.edu/sites/default/files/styles/teaser_image/public/page/B0B_4055crop.JPG?itok=4ie7uvK-"
/>,
                <h4>
                  party
</h4>,
              ],
              "className": "events-small-box",
              "onClick": [Function],
            },
            "ref": null,
            "rendered": Array [
              Object {
                "instance": null,
                "key": undefined,
                "nodeType": "host",
                "props": Object {
                  "src": "https://www.kent.edu/sites/default/files/styles/teaser_image/public/page/B0B_4055crop.JPG?itok=4ie7uvK-",
                },
                "ref": null,
                "rendered": null,
                "type": "img",
              },
              Object {
                "instance": null,
                "key": undefined,
                "nodeType": "host",
                "props": Object {
                  "children": "party",
                },
                "ref": null,
                "rendered": "party",
                "type": "h4",
              },
            ],
            "type": "div",
          },
        ],
        "type": "div",
      },
      "type": "div",
    },
  ],
  Symbol(enzyme.__options__): Object {
    "adapter": ReactSixteenAdapter {
      "options": Object {
        "enableComponentDidUpdateOnSetState": true,
      },
    },
  },
}
`;
