// Jest Snapshot v1, https://goo.gl/fbAQLP

exports[`videos matches snapshot 1`] = `undefined`;
