// Jest Snapshot v1, https://goo.gl/fbAQLP

exports[`main matches snapshot 1`] = `undefined`;
