// Jest Snapshot v1, https://goo.gl/fbAQLP

exports[`forms matches snapshot 1`] = `
ShallowWrapper {
  "length": 1,
  Symbol(enzyme.__root__): [Circular],
  Symbol(enzyme.__unrendered__): <Forms
    suggestedEvents={
        Array [
            Object {
              "name": "party",
            },
          ]
    }
/>,
  Symbol(enzyme.__renderer__): Object {
    "batchedUpdates": [Function],
    "getNode": [Function],
    "render": [Function],
    "simulateEvent": [Function],
    "unmount": [Function],
  },
  Symbol(enzyme.__node__): Object {
    "instance": null,
    "key": undefined,
    "nodeType": "host",
    "props": Object {
      "children": Array [
        <div
          className="nav"
>
          <NavLink
                    activeClassName="active"
                    ariaCurrent="true"
                    className="logo"
                    to="/"
          >
                    <div
                              className="logocir"
                    >
                              AWC
                    </div>
          </NavLink>
          <div
                    className="buffer"
          />
          <NavLink
                    activeClassName="active"
                    ariaCurrent="true"
                    className="signink"
                    to="/"
          >
                    <div
                              className="txt"
                    >
                              Sign Up / SignIn
                    </div>
                    <div
                              className="ico"
                    >
                              <svg
                                        height="24"
                                        viewBox="0 0 24 24"
                                        width="24"
                                        xmlns="http://www.w3.org/2000/svg"
                              >
                                        <path
                                                  d="M12 2C6.48 2 2 6.48 2 12s4.48 10 10 10 10-4.48 10-10S17.52 2 12 2zm0 3c1.66 0 3 1.34 3 3s-1.34 3-3 3-3-1.34-3-3 1.34-3 3-3zm0 14.2c-2.5 0-4.71-1.28-6-3.22.03-1.99 4-3.08 6-3.08 1.99 0 5.97 1.09 6 3.08-1.29 1.94-3.5 3.22-6 3.22z"
                                        />
                                        <path
                                                  d="M0 0h24v24H0z"
                                                  fill="none"
                                        />
                              </svg>
                    </div>
          </NavLink>
</div>,
        <div
          className="website"
/>,
        <div
          className="forms"
>
          <div
                    className="forms-menu"
          >
                    <button
                              className="no-selected"
                              onClick={[Function]}
                    >
                              Log In 
                    </button>
                    <button
                              className="selected"
                              onClick={[Function]}
                    >
                              Sign Up 
                    </button>
          </div>
          <SignUp />
</div>,
      ],
      "className": "si-su",
    },
    "ref": null,
    "rendered": Array [
      Object {
        "instance": null,
        "key": undefined,
        "nodeType": "host",
        "props": Object {
          "children": Array [
            <NavLink
              activeClassName="active"
              ariaCurrent="true"
              className="logo"
              to="/"
>
              <div
                            className="logocir"
              >
                            AWC
              </div>
</NavLink>,
            <div
              className="buffer"
/>,
            <NavLink
              activeClassName="active"
              ariaCurrent="true"
              className="signink"
              to="/"
>
              <div
                            className="txt"
              >
                            Sign Up / SignIn
              </div>
              <div
                            className="ico"
              >
                            <svg
                                          height="24"
                                          viewBox="0 0 24 24"
                                          width="24"
                                          xmlns="http://www.w3.org/2000/svg"
                            >
                                          <path
                                                        d="M12 2C6.48 2 2 6.48 2 12s4.48 10 10 10 10-4.48 10-10S17.52 2 12 2zm0 3c1.66 0 3 1.34 3 3s-1.34 3-3 3-3-1.34-3-3 1.34-3 3-3zm0 14.2c-2.5 0-4.71-1.28-6-3.22.03-1.99 4-3.08 6-3.08 1.99 0 5.97 1.09 6 3.08-1.29 1.94-3.5 3.22-6 3.22z"
                                          />
                                          <path
                                                        d="M0 0h24v24H0z"
                                                        fill="none"
                                          />
                            </svg>
              </div>
</NavLink>,
          ],
          "className": "nav",
        },
        "ref": null,
        "rendered": Array [
          Object {
            "instance": null,
            "key": undefined,
            "nodeType": "function",
            "props": Object {
              "activeClassName": "active",
              "ariaCurrent": "true",
              "children": <div
                className="logocir"
>
                AWC
</div>,
              "className": "logo",
              "to": "/",
            },
            "ref": null,
            "rendered": Object {
              "instance": null,
              "key": undefined,
              "nodeType": "host",
              "props": Object {
                "children": "AWC",
                "className": "logocir",
              },
              "ref": null,
              "rendered": "AWC",
              "type": "div",
            },
            "type": [Function],
          },
          Object {
            "instance": null,
            "key": undefined,
            "nodeType": "host",
            "props": Object {
              "className": "buffer",
            },
            "ref": null,
            "rendered": null,
            "type": "div",
          },
          Object {
            "instance": null,
            "key": undefined,
            "nodeType": "function",
            "props": Object {
              "activeClassName": "active",
              "ariaCurrent": "true",
              "children": Array [
                <div
                  className="txt"
>
                  Sign Up / SignIn
</div>,
                <div
                  className="ico"
>
                  <svg
                                    height="24"
                                    viewBox="0 0 24 24"
                                    width="24"
                                    xmlns="http://www.w3.org/2000/svg"
                  >
                                    <path
                                                      d="M12 2C6.48 2 2 6.48 2 12s4.48 10 10 10 10-4.48 10-10S17.52 2 12 2zm0 3c1.66 0 3 1.34 3 3s-1.34 3-3 3-3-1.34-3-3 1.34-3 3-3zm0 14.2c-2.5 0-4.71-1.28-6-3.22.03-1.99 4-3.08 6-3.08 1.99 0 5.97 1.09 6 3.08-1.29 1.94-3.5 3.22-6 3.22z"
                                    />
                                    <path
                                                      d="M0 0h24v24H0z"
                                                      fill="none"
                                    />
                  </svg>
</div>,
              ],
              "className": "signink",
              "to": "/",
            },
            "ref": null,
            "rendered": Array [
              Object {
                "instance": null,
                "key": undefined,
                "nodeType": "host",
                "props": Object {
                  "children": "Sign Up / SignIn",
                  "className": "txt",
                },
                "ref": null,
                "rendered": "Sign Up / SignIn",
                "type": "div",
              },
              Object {
                "instance": null,
                "key": undefined,
                "nodeType": "host",
                "props": Object {
                  "children": <svg
                    height="24"
                    viewBox="0 0 24 24"
                    width="24"
                    xmlns="http://www.w3.org/2000/svg"
>
                    <path
                                        d="M12 2C6.48 2 2 6.48 2 12s4.48 10 10 10 10-4.48 10-10S17.52 2 12 2zm0 3c1.66 0 3 1.34 3 3s-1.34 3-3 3-3-1.34-3-3 1.34-3 3-3zm0 14.2c-2.5 0-4.71-1.28-6-3.22.03-1.99 4-3.08 6-3.08 1.99 0 5.97 1.09 6 3.08-1.29 1.94-3.5 3.22-6 3.22z"
                    />
                    <path
                                        d="M0 0h24v24H0z"
                                        fill="none"
                    />
</svg>,
                  "className": "ico",
                },
                "ref": null,
                "rendered": Object {
                  "instance": null,
                  "key": undefined,
                  "nodeType": "host",
                  "props": Object {
                    "children": Array [
                      <path
                        d="M12 2C6.48 2 2 6.48 2 12s4.48 10 10 10 10-4.48 10-10S17.52 2 12 2zm0 3c1.66 0 3 1.34 3 3s-1.34 3-3 3-3-1.34-3-3 1.34-3 3-3zm0 14.2c-2.5 0-4.71-1.28-6-3.22.03-1.99 4-3.08 6-3.08 1.99 0 5.97 1.09 6 3.08-1.29 1.94-3.5 3.22-6 3.22z"
/>,
                      <path
                        d="M0 0h24v24H0z"
                        fill="none"
/>,
                    ],
                    "height": "24",
                    "viewBox": "0 0 24 24",
                    "width": "24",
                    "xmlns": "http://www.w3.org/2000/svg",
                  },
                  "ref": null,
                  "rendered": Array [
                    Object {
                      "instance": null,
                      "key": undefined,
                      "nodeType": "host",
                      "props": Object {
                        "d": "M12 2C6.48 2 2 6.48 2 12s4.48 10 10 10 10-4.48 10-10S17.52 2 12 2zm0 3c1.66 0 3 1.34 3 3s-1.34 3-3 3-3-1.34-3-3 1.34-3 3-3zm0 14.2c-2.5 0-4.71-1.28-6-3.22.03-1.99 4-3.08 6-3.08 1.99 0 5.97 1.09 6 3.08-1.29 1.94-3.5 3.22-6 3.22z",
                      },
                      "ref": null,
                      "rendered": null,
                      "type": "path",
                    },
                    Object {
                      "instance": null,
                      "key": undefined,
                      "nodeType": "host",
                      "props": Object {
                        "d": "M0 0h24v24H0z",
                        "fill": "none",
                      },
                      "ref": null,
                      "rendered": null,
                      "type": "path",
                    },
                  ],
                  "type": "svg",
                },
                "type": "div",
              },
            ],
            "type": [Function],
          },
        ],
        "type": "div",
      },
      Object {
        "instance": null,
        "key": undefined,
        "nodeType": "host",
        "props": Object {
          "className": "website",
        },
        "ref": null,
        "rendered": null,
        "type": "div",
      },
      Object {
        "instance": null,
        "key": undefined,
        "nodeType": "host",
        "props": Object {
          "children": Array [
            <div
              className="forms-menu"
>
              <button
                            className="no-selected"
                            onClick={[Function]}
              >
                            Log In 
              </button>
              <button
                            className="selected"
                            onClick={[Function]}
              >
                            Sign Up 
              </button>
</div>,
            <SignUp />,
          ],
          "className": "forms",
        },
        "ref": null,
        "rendered": Array [
          Object {
            "instance": null,
            "key": undefined,
            "nodeType": "host",
            "props": Object {
              "children": Array [
                <button
                  className="no-selected"
                  onClick={[Function]}
>
                  Log In 
</button>,
                <button
                  className="selected"
                  onClick={[Function]}
>
                  Sign Up 
</button>,
              ],
              "className": "forms-menu",
            },
            "ref": null,
            "rendered": Array [
              Object {
                "instance": null,
                "key": undefined,
                "nodeType": "host",
                "props": Object {
                  "children": "Log In ",
                  "className": "no-selected",
                  "onClick": [Function],
                },
                "ref": null,
                "rendered": "Log In ",
                "type": "button",
              },
              Object {
                "instance": null,
                "key": undefined,
                "nodeType": "host",
                "props": Object {
                  "children": "Sign Up ",
                  "className": "selected",
                  "onClick": [Function],
                },
                "ref": null,
                "rendered": "Sign Up ",
                "type": "button",
              },
            ],
            "type": "div",
          },
          Object {
            "instance": null,
            "key": undefined,
            "nodeType": "class",
            "props": Object {},
            "ref": null,
            "rendered": null,
            "type": [Function],
          },
        ],
        "type": "div",
      },
    ],
    "type": "div",
  },
  Symbol(enzyme.__nodes__): Array [
    Object {
      "instance": null,
      "key": undefined,
      "nodeType": "host",
      "props": Object {
        "children": Array [
          <div
            className="nav"
>
            <NavLink
                        activeClassName="active"
                        ariaCurrent="true"
                        className="logo"
                        to="/"
            >
                        <div
                                    className="logocir"
                        >
                                    AWC
                        </div>
            </NavLink>
            <div
                        className="buffer"
            />
            <NavLink
                        activeClassName="active"
                        ariaCurrent="true"
                        className="signink"
                        to="/"
            >
                        <div
                                    className="txt"
                        >
                                    Sign Up / SignIn
                        </div>
                        <div
                                    className="ico"
                        >
                                    <svg
                                                height="24"
                                                viewBox="0 0 24 24"
                                                width="24"
                                                xmlns="http://www.w3.org/2000/svg"
                                    >
                                                <path
                                                            d="M12 2C6.48 2 2 6.48 2 12s4.48 10 10 10 10-4.48 10-10S17.52 2 12 2zm0 3c1.66 0 3 1.34 3 3s-1.34 3-3 3-3-1.34-3-3 1.34-3 3-3zm0 14.2c-2.5 0-4.71-1.28-6-3.22.03-1.99 4-3.08 6-3.08 1.99 0 5.97 1.09 6 3.08-1.29 1.94-3.5 3.22-6 3.22z"
                                                />
                                                <path
                                                            d="M0 0h24v24H0z"
                                                            fill="none"
                                                />
                                    </svg>
                        </div>
            </NavLink>
</div>,
          <div
            className="website"
/>,
          <div
            className="forms"
>
            <div
                        className="forms-menu"
            >
                        <button
                                    className="no-selected"
                                    onClick={[Function]}
                        >
                                    Log In 
                        </button>
                        <button
                                    className="selected"
                                    onClick={[Function]}
                        >
                                    Sign Up 
                        </button>
            </div>
            <SignUp />
</div>,
        ],
        "className": "si-su",
      },
      "ref": null,
      "rendered": Array [
        Object {
          "instance": null,
          "key": undefined,
          "nodeType": "host",
          "props": Object {
            "children": Array [
              <NavLink
                activeClassName="active"
                ariaCurrent="true"
                className="logo"
                to="/"
>
                <div
                                className="logocir"
                >
                                AWC
                </div>
</NavLink>,
              <div
                className="buffer"
/>,
              <NavLink
                activeClassName="active"
                ariaCurrent="true"
                className="signink"
                to="/"
>
                <div
                                className="txt"
                >
                                Sign Up / SignIn
                </div>
                <div
                                className="ico"
                >
                                <svg
                                                height="24"
                                                viewBox="0 0 24 24"
                                                width="24"
                                                xmlns="http://www.w3.org/2000/svg"
                                >
                                                <path
                                                                d="M12 2C6.48 2 2 6.48 2 12s4.48 10 10 10 10-4.48 10-10S17.52 2 12 2zm0 3c1.66 0 3 1.34 3 3s-1.34 3-3 3-3-1.34-3-3 1.34-3 3-3zm0 14.2c-2.5 0-4.71-1.28-6-3.22.03-1.99 4-3.08 6-3.08 1.99 0 5.97 1.09 6 3.08-1.29 1.94-3.5 3.22-6 3.22z"
                                                />
                                                <path
                                                                d="M0 0h24v24H0z"
                                                                fill="none"
                                                />
                                </svg>
                </div>
</NavLink>,
            ],
            "className": "nav",
          },
          "ref": null,
          "rendered": Array [
            Object {
              "instance": null,
              "key": undefined,
              "nodeType": "function",
              "props": Object {
                "activeClassName": "active",
                "ariaCurrent": "true",
                "children": <div
                  className="logocir"
>
                  AWC
</div>,
                "className": "logo",
                "to": "/",
              },
              "ref": null,
              "rendered": Object {
                "instance": null,
                "key": undefined,
                "nodeType": "host",
                "props": Object {
                  "children": "AWC",
                  "className": "logocir",
                },
                "ref": null,
                "rendered": "AWC",
                "type": "div",
              },
              "type": [Function],
            },
            Object {
              "instance": null,
              "key": undefined,
              "nodeType": "host",
              "props": Object {
                "className": "buffer",
              },
              "ref": null,
              "rendered": null,
              "type": "div",
            },
            Object {
              "instance": null,
              "key": undefined,
              "nodeType": "function",
              "props": Object {
                "activeClassName": "active",
                "ariaCurrent": "true",
                "children": Array [
                  <div
                    className="txt"
>
                    Sign Up / SignIn
</div>,
                  <div
                    className="ico"
>
                    <svg
                                        height="24"
                                        viewBox="0 0 24 24"
                                        width="24"
                                        xmlns="http://www.w3.org/2000/svg"
                    >
                                        <path
                                                            d="M12 2C6.48 2 2 6.48 2 12s4.48 10 10 10 10-4.48 10-10S17.52 2 12 2zm0 3c1.66 0 3 1.34 3 3s-1.34 3-3 3-3-1.34-3-3 1.34-3 3-3zm0 14.2c-2.5 0-4.71-1.28-6-3.22.03-1.99 4-3.08 6-3.08 1.99 0 5.97 1.09 6 3.08-1.29 1.94-3.5 3.22-6 3.22z"
                                        />
                                        <path
                                                            d="M0 0h24v24H0z"
                                                            fill="none"
                                        />
                    </svg>
</div>,
                ],
                "className": "signink",
                "to": "/",
              },
              "ref": null,
              "rendered": Array [
                Object {
                  "instance": null,
                  "key": undefined,
                  "nodeType": "host",
                  "props": Object {
                    "children": "Sign Up / SignIn",
                    "className": "txt",
                  },
                  "ref": null,
                  "rendered": "Sign Up / SignIn",
                  "type": "div",
                },
                Object {
                  "instance": null,
                  "key": undefined,
                  "nodeType": "host",
                  "props": Object {
                    "children": <svg
                      height="24"
                      viewBox="0 0 24 24"
                      width="24"
                      xmlns="http://www.w3.org/2000/svg"
>
                      <path
                                            d="M12 2C6.48 2 2 6.48 2 12s4.48 10 10 10 10-4.48 10-10S17.52 2 12 2zm0 3c1.66 0 3 1.34 3 3s-1.34 3-3 3-3-1.34-3-3 1.34-3 3-3zm0 14.2c-2.5 0-4.71-1.28-6-3.22.03-1.99 4-3.08 6-3.08 1.99 0 5.97 1.09 6 3.08-1.29 1.94-3.5 3.22-6 3.22z"
                      />
                      <path
                                            d="M0 0h24v24H0z"
                                            fill="none"
                      />
</svg>,
                    "className": "ico",
                  },
                  "ref": null,
                  "rendered": Object {
                    "instance": null,
                    "key": undefined,
                    "nodeType": "host",
                    "props": Object {
                      "children": Array [
                        <path
                          d="M12 2C6.48 2 2 6.48 2 12s4.48 10 10 10 10-4.48 10-10S17.52 2 12 2zm0 3c1.66 0 3 1.34 3 3s-1.34 3-3 3-3-1.34-3-3 1.34-3 3-3zm0 14.2c-2.5 0-4.71-1.28-6-3.22.03-1.99 4-3.08 6-3.08 1.99 0 5.97 1.09 6 3.08-1.29 1.94-3.5 3.22-6 3.22z"
/>,
                        <path
                          d="M0 0h24v24H0z"
                          fill="none"
/>,
                      ],
                      "height": "24",
                      "viewBox": "0 0 24 24",
                      "width": "24",
                      "xmlns": "http://www.w3.org/2000/svg",
                    },
                    "ref": null,
                    "rendered": Array [
                      Object {
                        "instance": null,
                        "key": undefined,
                        "nodeType": "host",
                        "props": Object {
                          "d": "M12 2C6.48 2 2 6.48 2 12s4.48 10 10 10 10-4.48 10-10S17.52 2 12 2zm0 3c1.66 0 3 1.34 3 3s-1.34 3-3 3-3-1.34-3-3 1.34-3 3-3zm0 14.2c-2.5 0-4.71-1.28-6-3.22.03-1.99 4-3.08 6-3.08 1.99 0 5.97 1.09 6 3.08-1.29 1.94-3.5 3.22-6 3.22z",
                        },
                        "ref": null,
                        "rendered": null,
                        "type": "path",
                      },
                      Object {
                        "instance": null,
                        "key": undefined,
                        "nodeType": "host",
                        "props": Object {
                          "d": "M0 0h24v24H0z",
                          "fill": "none",
                        },
                        "ref": null,
                        "rendered": null,
                        "type": "path",
                      },
                    ],
                    "type": "svg",
                  },
                  "type": "div",
                },
              ],
              "type": [Function],
            },
          ],
          "type": "div",
        },
        Object {
          "instance": null,
          "key": undefined,
          "nodeType": "host",
          "props": Object {
            "className": "website",
          },
          "ref": null,
          "rendered": null,
          "type": "div",
        },
        Object {
          "instance": null,
          "key": undefined,
          "nodeType": "host",
          "props": Object {
            "children": Array [
              <div
                className="forms-menu"
>
                <button
                                className="no-selected"
                                onClick={[Function]}
                >
                                Log In 
                </button>
                <button
                                className="selected"
                                onClick={[Function]}
                >
                                Sign Up 
                </button>
</div>,
              <SignUp />,
            ],
            "className": "forms",
          },
          "ref": null,
          "rendered": Array [
            Object {
              "instance": null,
              "key": undefined,
              "nodeType": "host",
              "props": Object {
                "children": Array [
                  <button
                    className="no-selected"
                    onClick={[Function]}
>
                    Log In 
</button>,
                  <button
                    className="selected"
                    onClick={[Function]}
>
                    Sign Up 
</button>,
                ],
                "className": "forms-menu",
              },
              "ref": null,
              "rendered": Array [
                Object {
                  "instance": null,
                  "key": undefined,
                  "nodeType": "host",
                  "props": Object {
                    "children": "Log In ",
                    "className": "no-selected",
                    "onClick": [Function],
                  },
                  "ref": null,
                  "rendered": "Log In ",
                  "type": "button",
                },
                Object {
                  "instance": null,
                  "key": undefined,
                  "nodeType": "host",
                  "props": Object {
                    "children": "Sign Up ",
                    "className": "selected",
                    "onClick": [Function],
                  },
                  "ref": null,
                  "rendered": "Sign Up ",
                  "type": "button",
                },
              ],
              "type": "div",
            },
            Object {
              "instance": null,
              "key": undefined,
              "nodeType": "class",
              "props": Object {},
              "ref": null,
              "rendered": null,
              "type": [Function],
            },
          ],
          "type": "div",
        },
      ],
      "type": "div",
    },
  ],
  Symbol(enzyme.__options__): Object {
    "adapter": ReactSixteenAdapter {
      "options": Object {
        "enableComponentDidUpdateOnSetState": true,
      },
    },
  },
}
`;
